<event tId = "rootThread" File="file:////Users/fgm/Projects/SourceForge/go/Tests/ancestor.go" Line="33" timeStamp="0.05"/>
<event tId = "rootThread" File="file:////Users/fgm/Projects/SourceForge/go/Tests/ancestor.go" Line="30" timeStamp="0.05"/>
<event tId = "rootThread" File="file:////Users/fgm/Projects/SourceForge/go/Tests/ancestor.go" Line="20" timeStamp="0.05"/>
<event tId = "rootThread" File="file:////Users/fgm/Projects/SourceForge/go/Tests/ancestor.go" Line="13" timeStamp="0.05"/>
<event tId = "rootThread" File="file:////Users/fgm/Projects/SourceForge/go/Tests/ancestor.go" Line="6" timeStamp="0.05"/>
<event tId = "rootThread" File="file:////Users/fgm/Projects/SourceForge/go/Tests/ancestor.go" Line="7" timeStamp="0.05"/>
<event tId = "rootThread" File="file:////Users/fgm/Projects/SourceForge/go/Tests/ancestor.go" Line="14" timeStamp="0.05"/>
<event tId = "rootThread" File="file:////Users/fgm/Projects/SourceForge/go/Tests/ancestor.go" Line="6" timeStamp="0.05"/>
<event tId = "rootThread" File="file:////Users/fgm/Projects/SourceForge/go/Tests/ancestor.go" Line="13" timeStamp="0.05"/>
<event tId = "rootThread" File="file:////Users/fgm/Projects/SourceForge/go/Tests/ancestor.go" Line="14" timeStamp="0.05"/>
<event tId = "rootThread" File="file:////Users/fgm/Projects/SourceForge/go/Tests/ancestor.go" Line="7" timeStamp="0.05"/>
<event tId = "rootThread" File="file:////Users/fgm/Projects/SourceForge/go/Tests/ancestor.go" Line="13" timeStamp="0.05"/>
<event tId = "rootThread" File="file:////Users/fgm/Projects/SourceForge/go/Tests/ancestor.go" Line="8" timeStamp="0.05"/>
<event tId = "rootThread" File="file:////Users/fgm/Projects/SourceForge/go/Tests/ancestor.go" Line="9" timeStamp="0.06"/>
<event tId = "rootThread" File="file:////Users/fgm/Projects/SourceForge/go/Tests/ancestor.go" Line="14" timeStamp="0.06"/>
<event tId = "rootThread" File="file:////Users/fgm/Projects/SourceForge/go/Tests/ancestor.go" Line="8" timeStamp="0.06"/>
<event tId = "rootThread" File="file:////Users/fgm/Projects/SourceForge/go/Tests/ancestor.go" Line="13" timeStamp="0.06"/>
<event tId = "rootThread" File="file:////Users/fgm/Projects/SourceForge/go/Tests/ancestor.go" Line="14" timeStamp="0.06"/>
<event tId = "rootThread" File="file:////Users/fgm/Projects/SourceForge/go/Tests/ancestor.go" Line="9" timeStamp="0.06"/>
<event tId = "rootThread" File="file:////Users/fgm/Projects/SourceForge/go/Tests/ancestor.go" Line="13" timeStamp="0.06"/>
<event tId = "rootThread" File="file:////Users/fgm/Projects/SourceForge/go/Tests/ancestor.go" Line="10" timeStamp="0.06"/>
<event tId = "rootThread" File="file:////Users/fgm/Projects/SourceForge/go/Tests/ancestor.go" Line="14" timeStamp="0.06"/>
<event tId = "rootThread" File="file:////Users/fgm/Projects/SourceForge/go/Tests/ancestor.go" Line="10" timeStamp="0.06"/>
<event tId = "rootThread" File="file:////Users/fgm/Projects/SourceForge/go/Tests/ancestor.go" Line="13" timeStamp="0.06"/>
<event tId = "rootThread" File="file:////Users/fgm/Projects/SourceForge/go/Tests/ancestor.go" Line="14" timeStamp="0.06"/>
<event tId = "rootThread" File="file:////Users/fgm/Projects/SourceForge/go/Tests/ancestor.go" Line="25" timeStamp="0.06"/>
<event tId = "rootThread" File="file:////Users/fgm/Projects/SourceForge/go/Tests/ancestor.go" Line="6" timeStamp="0.07"/>
<event tId = "rootThread" File="file:////Users/fgm/Projects/SourceForge/go/Tests/ancestor.go" Line="13" timeStamp="0.07"/>
<event tId = "rootThread" File="file:////Users/fgm/Projects/SourceForge/go/Tests/ancestor.go" Line="14" timeStamp="0.07"/>
<event tId = "rootThread" File="file:////Users/fgm/Projects/SourceForge/go/Tests/ancestor.go" Line="6" timeStamp="0.07"/>
<event tId = "rootThread" File="file:////Users/fgm/Projects/SourceForge/go/Tests/ancestor.go" Line="13" timeStamp="0.07"/>
<event tId = "rootThread" File="file:////Users/fgm/Projects/SourceForge/go/Tests/ancestor.go" Line="14" timeStamp="0.07"/>
<event tId = "rootThread" File="file:////Users/fgm/Projects/SourceForge/go/Tests/ancestor.go" Line="7" timeStamp="0.07"/>
<event tId = "rootThread" File="file:////Users/fgm/Projects/SourceForge/go/Tests/ancestor.go" Line="13" timeStamp="0.07"/>
<event tId = "rootThread" File="file:////Users/fgm/Projects/SourceForge/go/Tests/ancestor.go" Line="14" timeStamp="0.07"/>
<event tId = "rootThread" File="file:////Users/fgm/Projects/SourceForge/go/Tests/ancestor.go" Line="8" timeStamp="0.07"/>
<event tId = "rootThread" File="file:////Users/fgm/Projects/SourceForge/go/Tests/ancestor.go" Line="13" timeStamp="0.07"/>
<event tId = "rootThread" File="file:////Users/fgm/Projects/SourceForge/go/Tests/ancestor.go" Line="14" timeStamp="0.07"/>
<event tId = "rootThread" File="file:////Users/fgm/Projects/SourceForge/go/Tests/ancestor.go" Line="9" timeStamp="0.07"/>
<event tId = "rootThread" File="file:////Users/fgm/Projects/SourceForge/go/Tests/ancestor.go" Line="13" timeStamp="0.07"/>
<event tId = "rootThread" File="file:////Users/fgm/Projects/SourceForge/go/Tests/ancestor.go" Line="10" timeStamp="0.07"/>
<event tId = "rootThread" File="file:////Users/fgm/Projects/SourceForge/go/Tests/ancestor.go" Line="13" timeStamp="0.07"/>
<event tId = "rootThread" File="file:////Users/fgm/Projects/SourceForge/go/Tests/ancestor.go" Line="14" timeStamp="0.07"/>
<event tId = "rootThread" File="file:////Users/fgm/Projects/SourceForge/go/Tests/ancestor.go" Line="22" timeStamp="0.07"/>
<event tId = "rootThread" File="file:////Users/fgm/Projects/SourceForge/go/Tests/ancestor.go" Line="30" timeStamp="0.07"/>
